git init
Initialized empty Git repository in /Users/vivekkatial/Documents/vk-website/.git/
]7;file://Viveks-MacBook-Pro.local/Users/vivekkatial/Documents/vk-website]0;~/Documents/vk-website(base) Viveks-MacBook-Pro:vk-website vivekkatial$ git commit -a-[K -m[K[K[K[K[K[K[K[K[K[K[K[K[K status
On branch master

No commits yet

Untracked files:
  (use "git add <file>..." to include in what will be committed)

	[31m.Rhistory[m
	[31m.Rproj.user/[m
	[31massets/[m
	[31mconfig.toml[m
	[31mconfig/[m
	[31mcontent/[m
	[31mindex.Rmd[m
	[31mlayouts/[m
	[31mpublic/[m
	[31mresources/[m
	[31mstatic/[m
	[31mthemes/[m
	[31mvk-website.Rproj[m

nothing added to commit but untracked files present (use "git add" to track)
]7;file://Viveks-MacBook-Pro.local/Users/vivekkatial/Documents/vk-website]0;~/Documents/vk-website(base) Viveks-MacBook-Pro:vk-website vivekkatial$ git add .
]7;file://Viveks-MacBook-Pro.local/Users/vivekkatial/Documents/vk-website]0;~/Documents/vk-website(base) Viveks-MacBook-Pro:vk-website vivekkatial$ git commit -a -m "Initial website commit"